// Jest Snapshot v1, https://goo.gl/fbAQLP

exports[`SpaceAppsPage test should render 1`] = `
<Connect(SpaceLayout)
  space={
    Object {
      "isPrivate": true,
    }
  }
>
  <div
    className="space-page-layout__header-row"
  >
    <h2
      className="space-page-layout__sub-title"
    >
      Private Area Apps
    </h2>
    <div
      className="space-page-layout__actions"
    />
  </div>
  <div
    className="pfda-padded-t20"
  >
    <Connect(SpaceAppsList)
      apps={Array []}
    />
  </div>
  <AddDataModal
    loadFilesHandler={[Function]}
    space={
      Object {
        "isPrivate": true,
      }
    }
  />
  <CopyModal
    apps={Array []}
    loadFilesHandler={[Function]}
  />
</Connect(SpaceLayout)>
`;
