// Jest Snapshot v1, https://goo.gl/fbAQLP

exports[`NewsListItemLarge test should render 1`] = `
<NewsListItem__StyledNewsListItemLarge>
  <NewsListItem__LeftColumn>
    <hr />
    <div
      className="news-item-date"
    >
      Mar 01, 2021
    </div>
  </NewsListItem__LeftColumn>
  <NewsListItem__RightColumn>
    <h1>
      News Item 1
    </h1>
    <p>
      News Content
    </p>
    <ExternalLink
      to="News Link 1"
    >
      View News Source ↗
    </ExternalLink>
  </NewsListItem__RightColumn>
</NewsListItem__StyledNewsListItemLarge>
`;

exports[`NewsListItemSmall test should render 1`] = `
<NewsListItem__StyledNewsListItemSmall>
  <div
    className="news-item-title"
  >
    News Item 1
  </div>
  <div
    style={
      Object {
        "display": "flex",
      }
    }
  >
    <div
      className="news-item-date"
    >
      Mar 01, 2021
    </div>
    <ExternalLink
      to="News Link 1"
    >
      View →
    </ExternalLink>
  </div>
</NewsListItem__StyledNewsListItemSmall>
`;
