// Jest Snapshot v1, https://goo.gl/fbAQLP

exports[`DatabasesActionModal test should render 1`] = `
<div
  className="objects-actions-modal"
>
  <Modal
    modalFooterContent={<SwitchFooter />}
    noPadding={true}
    title="Some Action 0 Item(s)?"
  >
    <DatabasesList
      databases={Array []}
    />
  </Modal>
</div>
`;
