// Jest Snapshot v1, https://goo.gl/fbAQLP

exports[`HomeExportModal matches snapshot 1`] = `
<div
  className="objects-actions-modal"
>
  <Modal
    modalFooterContent={
      <Button>
        Cancel
      </Button>
    }
    noPadding={true}
    title="Export to"
  >
    <ul
      className="home-export-modal"
    />
  </Modal>
</div>
`;
