// Jest Snapshot v1, https://goo.gl/fbAQLP

exports[`QueryList test should render 1`] = `
<ul
  className="query-list"
>
  <div
    key="0"
  >
    <h1>
      Name0
    </h1>
    <p>
      Blah 0
    </p>
  </div>
  <div
    key="1"
  >
    <h1>
      Name1
    </h1>
    <p>
      Blah 1
    </p>
  </div>
  <div
    key="2"
  >
    <h1>
      Name2
    </h1>
    <p>
      Blah 2
    </p>
  </div>
  <div
    key="3"
  >
    <h1>
      Name3
    </h1>
    <p>
      Blah 3
    </p>
  </div>
  <div
    key="4"
  >
    <h1>
      Name4
    </h1>
    <p>
      Blah 4
    </p>
  </div>
  <div
    key="5"
  >
    <h1>
      Name5
    </h1>
    <p>
      Blah 5
    </p>
  </div>
  <div
    key="6"
  >
    <h1>
      Name6
    </h1>
    <p>
      Blah 6
    </p>
  </div>
  <div
    key="7"
  >
    <h1>
      Name7
    </h1>
    <p>
      Blah 7
    </p>
  </div>
  <div
    key="8"
  >
    <h1>
      Name8
    </h1>
    <p>
      Blah 8
    </p>
  </div>
  <div
    key="9"
  >
    <h1>
      Name9
    </h1>
    <p>
      Blah 9
    </p>
  </div>
</ul>
`;
