// Jest Snapshot v1, https://goo.gl/fbAQLP

exports[`CopyToSpaceModal matches snapshot 1`] = `
<div
  className="objects-actions-modal"
>
  <Modal
    hideModalHandler={[Function]}
    modalFooterContent={
      <Footer
        copyAction={[Function]}
        hideAction={[Function]}
        isCopyDisabled={true}
      />
    }
    noPadding={true}
    title="Select Space"
  >
    <div>
      <Connect(SpacesList)
        spaces={Array []}
      />
    </div>
  </Modal>
</div>
`;
