// Jest Snapshot v1, https://goo.gl/fbAQLP

exports[`NewsListPage test should render 1`] = `
<PublicLayout>
  <NavigationBar
    subtitle="Announcements and press for precisionFDA."
    title="News"
  />
  <div
    className="challenges-page-layout"
  >
    <div
      className="left-column"
    >
      <Connect(NewsList)
        listItemComponent={[Function]}
      />
    </div>
    <div
      className="right-column right-column--override pfda-main-content-sidebar"
    >
      <SectionHeading>
        NEWS BACKLOG
      </SectionHeading>
      <NewsYearList
        elementName="news"
        query={[Function]}
        setYearHandler={[Function]}
      />
      <hr />
      <SectionHeading>
        COMMUNITY NEWS
      </SectionHeading>
      <p>
        If you have newsworthy updates of value to the precisionFDA community, let us know!
      </p>
    </div>
  </div>
</PublicLayout>
`;
