// Jest Snapshot v1, https://goo.gl/fbAQLP

exports[`AttachLicenseModal matches snapshot 1`] = `
<div
  className="objects-actions-modal"
>
  <Modal
    hideModalHandler={[Function]}
    modalFooterContent={
      <Footer
        attachAction={[Function]}
        hideAction={[Function]}
        isCopyDisabled={true}
      />
    }
    noPadding={true}
    title="Select License"
  >
    <div>
      <Connect(LicenseList)
        licenses={Array []}
        objectLicense={Object {}}
      />
    </div>
  </Modal>
</div>
`;
