// Jest Snapshot v1, https://goo.gl/fbAQLP

exports[`HomeFilesPage test should render 1`] = `
<HomeLayout>
  <div
    className="home-page-layout__header-row"
  >
    <div
      className="home-page-layout__actions"
    >
      <Button
        onClick={[Function]}
        type="primary"
      >
        <span>
          <Icon
            icon="fa-plus"
          />
            Add Folder
        </span>
      </Button>
      <a
        href="/files/new"
      >
        <Button
          type="primary"
        >
          <span>
            <Icon
              icon="fa-plus"
            />
              Add Files
          </span>
        </Button>
      </a>
    </div>
    <div
      className="home-page-layout__actions--right"
    >
      <Connect(ActionsDropdown)
        deleteFiles={[Function]}
        files={Array []}
      />
    </div>
  </div>
  <div
    className="pfda-padded-t20"
  >
    <Connect(HomeFilesTable)
      files={Array []}
      handleFilterValue={[Function]}
    />
  </div>
</HomeLayout>
`;
