// Jest Snapshot v1, https://goo.gl/fbAQLP

exports[`ChallengesBanner matches snapshot 1`] = `
<ChallengesBanner__StyledChallengesBanner>
  <ChallengesBanner__StyledChallengesBannerLeft>
    <h4>
      precisionFDA
    </h4>
    <h2>
      Challenges
    </h2>
  </ChallengesBanner__StyledChallengesBannerLeft>
  <ChallengesBanner__StyledChallengesBannerRight>
    <ViewAllButton
      title="View All Challenges"
      url="/challenges"
    />
  </ChallengesBanner__StyledChallengesBannerRight>
</ChallengesBanner__StyledChallengesBanner>
`;
