// Jest Snapshot v1, https://goo.gl/fbAQLP

exports[`ActionsDropdown test should render 1`] = `
<Fragment>
  <DropdownMenu
    message=""
    options={
      Array [
        Object {
          "isDisabled": true,
          "link": undefined,
          "text": "Track",
        },
        Object {
          "isDisabled": true,
          "onClick": [Function],
          "text": "Open",
        },
        Object {
          "isDisabled": true,
          "onClick": [Function],
          "text": "Download",
        },
        Object {
          "isDisabled": true,
          "onClick": [Function],
          "text": "Rename",
        },
        Object {
          "hide": true,
          "isDisabled": true,
          "link": "undefined&public=true",
          "method": "post",
          "text": "Make public",
        },
        Object {
          "hide": false,
          "isDisabled": true,
          "onClick": [Function],
          "text": "Make public",
        },
        Object {
          "hide": true,
          "isDisabled": true,
          "onClick": [Function],
          "text": "Feature",
        },
        Object {
          "isDisabled": true,
          "onClick": [Function],
          "text": "Delete",
        },
        Object {
          "hide": false,
          "isDisabled": true,
          "onClick": [Function],
          "text": "Organize",
        },
        Object {
          "isDisabled": true,
          "onClick": [Function],
          "text": "Copy to space",
        },
        Object {
          "isDisabled": true,
          "onClick": [Function],
          "text": "Attach to...",
        },
        Object {
          "isDisabled": true,
          "onClick": [Function],
          "text": "Attach License",
        },
        Object {
          "hide": true,
          "isDisabled": true,
          "onClick": [Function],
          "text": "Detach License",
        },
        Object {
          "hide": true,
          "link": undefined,
          "text": "Request license approval",
        },
        Object {
          "hide": true,
          "onClick": [Function],
          "text": "Accept License",
        },
        Object {
          "hide": true,
          "link": undefined,
          "text": "Comments",
        },
        Object {
          "hide": true,
          "onClick": [Function],
          "text": "Edit tags",
        },
      ]
    }
    title="Actions"
  />
  <Connect(CopyToSpaceModal)
    copyAction={[Function]}
    hideAction={[Function]}
    ids={Array []}
  />
  <Connect(HomeAttachToModal)
    attachAction={[Function]}
    hideAction={[Function]}
    ids={Array []}
    itemsType="FILE"
  />
  <Connect(HomeMoveModal)
    currentFolderId={Array []}
    hideAction={[Function]}
    moveAction={[Function]}
    scope="private"
  />
  <Connect(AttachLicenseModal)
    attachAction={[Function]}
    hideAction={[Function]}
    ids={Array []}
  />
  <FilesActionModal
    action="delete"
    fetchFilesByAction={[Function]}
    files={Array []}
    hideAction={[Function]}
    modal={Object {}}
    modalAction={[Function]}
  />
  <FilesActionModal
    action="open"
    fetchFilesByAction={[Function]}
    files={Array []}
    hideAction={[Function]}
    isOpen={false}
    modal={Object {}}
  />
  <FilesActionModal
    action="download"
    fetchFilesByAction={[Function]}
    files={Array []}
    hideAction={[Function]}
    isOpen={false}
    modal={Object {}}
  />
  <Connect(HomeLicenseModal)
    hideAction={[Function]}
    modalAction={[Function]}
  />
  <Connect(HomeLicenseModal)
    actionType="accept"
    hideAction={[Function]}
    modalAction={[Function]}
    title="Accept License"
  />
  <FilesActionModal
    fetchFilesByAction={[Function]}
    files={Array []}
    hideAction={[Function]}
    modal={Object {}}
    modalAction={[Function]}
  />
</Fragment>
`;
