// Jest Snapshot v1, https://goo.gl/fbAQLP

exports[`HomeAppsPage test should render 1`] = `
<HomeLayout>
  <div
    className="home-page-layout__header-row"
  >
    <div
      className="home-page-layout__actions"
    >
      <Link
        to="/my_home/apps/me"
      >
        <Button
          type="primary"
        >
          <span>
            <Icon
              icon="fa-cubes"
            />
              Create App
          </span>
        </Button>
      </Link>
    </div>
    <div
      className="home-page-layout__actions"
    >
      <DropdownMenu
        title="Actions"
      />
    </div>
  </div>
  <div
    className="pfda-padded-t20"
  >
    <HomeAppsTable
      apps={
        Array [
          Object {
            "addedBy": "pfda_autotest1",
            "createdAt": "09/21/2020",
            "explorers": 0,
            "id": 36,
            "links": Object {
              "run_job": "/apps/app-FxZBPK80q284xk7047b2B92Q-1/jobs/new",
              "show": "/apps/app-FxZBPK80q284xk7047b2B92Q-1",
              "user": "/users/pfda_autotest1",
            },
            "name": "app_jonh_new_str",
            "org": "autotestorg1",
            "revision": 1,
            "runByYou": "Try",
            "tags": Array [],
            "title": "app_jonh_new_str",
          },
          Object {
            "addedBy": "pfda_autotest1",
            "createdAt": "09/21/2020",
            "explorers": 0,
            "id": 37,
            "links": Object {
              "run_job": "/apps/app-FxZBPK80q284xk7047b2B92Q-1/jobs/new",
              "show": "/apps/app-FxZBPK80q284xk7047b2B92Q-1",
              "user": "/users/pfda_autotest1",
            },
            "name": "app_jonh_new_str",
            "org": "autotestorg1",
            "revision": 1,
            "runByYou": "Try",
            "tags": Array [],
            "title": "app_jonh_new_str",
          },
        ]
      }
      isFetching={false}
      sortHandler={[Function]}
      toggleAllCheckboxes={[Function]}
      toggleCheckbox={[Function]}
    />
  </div>
</HomeLayout>
`;
