// Jest Snapshot v1, https://goo.gl/fbAQLP

exports[`HomeAppsSpacesPage test should render 1`] = `
<HomeLayout>
  <div
    className="home-page-layout__header-row"
  >
    <div
      className="home-page-layout__actions--right"
    >
      <Connect(ActionsDropdown)
        apps={Array []}
        page="spaces"
      />
    </div>
  </div>
  <div
    className="pfda-padded-t20"
  >
    <Connect(HomeAppsSpacesTable)
      apps={Array []}
      handleFilterValue={[Function]}
    />
  </div>
</HomeLayout>
`;
