// Jest Snapshot v1, https://goo.gl/fbAQLP

exports[`HomeAppsSpec test should render 1`] = `
<div
  className="home-app-spec__container"
>
  <div
    className="home-app-spec__header"
  >
    <div
      className="home-app-spec__header_item"
    >
      <div
        className="home-app-spec__header_item_label"
      >
        default instance type
      </div>
      <div
        className="home-app-spec__header_item_value"
      />
    </div>
    <div
      className="home-app-spec__header_item"
    >
      <div
        className="home-app-spec__header_item_label"
      >
        has internet access
      </div>
      <div
        className="home-app-spec__header_item_value"
      >
        No
      </div>
    </div>
  </div>
  <div
    className="home-app-spec__table-container"
  >
    <SpecTable
      title="inputs"
    />
    <SpecTable
      title="outputs"
    />
  </div>
</div>
`;
