// Jest Snapshot v1, https://goo.gl/fbAQLP

exports[`HomeAppsPage test should render 1`] = `
<HomeLayout>
  <div
    className="home-page-layout__header-row"
  >
    <div
      className="home-page-layout__actions"
    >
      <a
        href="/apps/new"
      >
        <Button
          type="primary"
        >
          <span>
            <Icon
              icon="fa-cubes"
            />
              Create App
          </span>
        </Button>
      </a>
    </div>
    <div
      className="home-page-layout__actions--right"
    >
      <Connect(ActionsDropdown)
        apps={Array []}
        deleteApps={[Function]}
      />
    </div>
  </div>
  <div
    className="pfda-padded-t20"
  >
    <Connect(HomeAppsTable)
      apps={Array []}
      handleFilterValue={[Function]}
    />
  </div>
</HomeLayout>
`;
