// Jest Snapshot v1, https://goo.gl/fbAQLP

exports[`HomeWorkflowsPage test should render 1`] = `
<HomeLayout>
  <div
    className="home-page-layout__header-row"
  >
    <div
      className="home-page-layout__actions"
    >
      <Button
        onClick={[Function]}
        type="primary"
      >
        <span>
          <Icon
            icon="fa-plus"
          />
            Create Workflow
        </span>
      </Button>
    </div>
    <div
      className="home-page-layout__actions--right"
    >
      <Connect(ActionsDropdown)
        deleteWorkflows={[Function]}
        workflows={Array []}
      />
    </div>
  </div>
  <div
    className="pfda-padded-t20"
  >
    <Connect(HomeWorkflowsTable)
      handleFilterValue={[Function]}
      workflows={Array []}
    />
  </div>
</HomeLayout>
`;
