// Jest Snapshot v1, https://goo.gl/fbAQLP

exports[`SpacesListPage test should render 1`] = `
<Table>
  <Thead>
    <Th>
      Test1
    </Th>
    <Th>
      Test2
    </Th>
  </Thead>
  <Tbody>
    <tr>
      <td>
        1
      </td>
      <td>
        2
      </td>
    </tr>
  </Tbody>
</Table>
`;
