// Jest Snapshot v1, https://goo.gl/fbAQLP

exports[`SpacesListPage test should render 1`] = `
<div
  className="pfda-pagination"
>
  <Page
    key="0"
    page={
      Object {
        "label": "<<",
        "value": 11,
      }
    }
  />
  <Page
    key="1"
    page={
      Object {
        "isActive": false,
        "label": 8,
        "value": 8,
      }
    }
  />
  <Page
    key="2"
    page={
      Object {
        "isActive": false,
        "label": 9,
        "value": 9,
      }
    }
  />
  <Page
    key="3"
    page={
      Object {
        "isActive": true,
        "label": 10,
        "value": 10,
      }
    }
  />
  <Page
    key="4"
    page={
      Object {
        "isActive": false,
        "label": 11,
        "value": 11,
      }
    }
  />
  <Page
    key="5"
    page={
      Object {
        "isActive": false,
        "label": 12,
        "value": 12,
      }
    }
  />
  <Page
    key="6"
    page={
      Object {
        "label": ">>",
        "value": 9,
      }
    }
  />
</div>
`;
