// Jest Snapshot v1, https://goo.gl/fbAQLP

exports[`HomeEditTagsModal test should render 1`] = `
<div
  className="home-edit-tags-modal"
>
  <Modal
    modalFooterContent={
      <React.Fragment>
        <Button>
          Cancel
        </Button>
        <Button
          onClick={[Function]}
          type="primary"
        >
          Update tags
        </Button>
      </React.Fragment>
    }
    subTitle="Tags are public to the community"
    title={
      <React.Fragment>
        Edit tags for 
        <i>
          
        </i>
      </React.Fragment>
    }
  >
    <div>
      <TextField
        label="Tags (comma-separated)"
        name="tags"
        onChange={[Function]}
        placeholder="e.g. foo, bar..."
        type="text"
      />
    </div>
  </Modal>
</div>
`;
