// Jest Snapshot v1, https://goo.gl/fbAQLP

exports[`ChallengesList test should render 1`] = `
<Provider
  store={
    Object {
      "clearActions": [Function],
      "dispatch": [Function],
      "getActions": [Function],
      "getState": [Function],
      "replaceReducer": [Function],
      "subscribe": [Function],
    }
  }
>
  <ChallengesList>
    <div
      className="text-center"
      style={
        Object {
          "margin": "32px",
        }
      }
    >
      No challenges found.
    </div>
  </ChallengesList>
</Provider>
`;
