// Jest Snapshot v1, https://goo.gl/fbAQLP

exports[`AppsActionModal test should render 1`] = `
<div
  className="objects-actions-modal"
>
  <Modal
    modalFooterContent={<SwitchFooter />}
    noPadding={true}
    title="Delete 0 Item(s)?"
  >
    <AppsList
      apps={Array []}
    />
  </Modal>
</div>
`;
