// Jest Snapshot v1, https://goo.gl/fbAQLP

exports[`HomeLicenseModal matches snapshot 1`] = `
<div
  className="objects-actions-modal"
>
  <Modal
    hideModalHandler={[Function]}
    modalFooterContent={
      <SwitchFooter
        actionLink=""
        actionType="detach"
        hideAction={[Function]}
      />
    }
    title="Detach License"
  >
    <div>
      <div>
        Are you sure you want to detach the license 
        <span
          style={
            Object {
              "fontStyle": "italic",
            }
          }
        />
        ?
      </div>
    </div>
  </Modal>
</div>
`;
