// Jest Snapshot v1, https://goo.gl/fbAQLP

exports[`ExpertsListPage test should render 1`] = `
<PublicLayout>
  <NavigationBar
    subtitle="Insights from academic, industry, and FDA experts from the precisionFDA Community."
    title="Expert Blogs"
    user={Object {}}
  />
  <div
    className="experts-page-layout"
  >
    <div
      className="left-column"
    >
      <div
        className="expert-highlight-heading"
      >
        EXPERT HIGHLIGHT
      </div>
      <Connect(ExpertsList)
        listItemComponent={[Function]}
      />
    </div>
    <div
      className="right-column right-column--override pfda-main-content-sidebar"
    >
      <SectionHeading>
        PREVIOUS EXPERT BLOGS
      </SectionHeading>
      <ExpertsYearList
        elementName="experts"
        query={[Function]}
        setYearHandler={[Function]}
      />
      <hr />
      <SectionHeading>
        EXPERTS
      </SectionHeading>
      <Connect(ExpertsList)
        listItemComponent={[Function]}
      />
    </div>
  </div>
</PublicLayout>
`;
