// Jest Snapshot v1, https://goo.gl/fbAQLP

exports[`<Switcher /> matches snapshot 1`] = `
<div
  className="spaces-list-card-switcher spaces-list-card-switcher--locked"
>
  <div
    className="spaces-list-card-switcher__status spaces-list-card-switcher__status--active"
  >
    active
  </div>
  <div
    className="spaces-list-card-switcher__toggle"
  >
    <ToggleSwitch
      space={
        Object {
          "hasLockLink": true,
          "isLocked": true,
          "links": Object {
            "show": "some link",
            "unlock": "some link",
          },
          "name": "some name",
        }
      }
    />
  </div>
  <div
    className="spaces-list-card-switcher__status spaces-list-card-switcher__status--locked"
  >
    locked
  </div>
</div>
`;
