// Jest Snapshot v1, https://goo.gl/fbAQLP

exports[`AssignToChallengeModal test should render 1`] = `
<div
  className="objects-actions-modal"
>
  <Modal
    hideModalHandler={[Function]}
    modalFooterContent={
      <React.Fragment>
        <Button
          onClick={[Function]}
        >
          Cancel
        </Button>
        <Button
          disabled={true}
          onClick={[Function]}
          type="primary"
        >
          Assign
        </Button>
      </React.Fragment>
    }
    noPadding={true}
    title="Assign to Challenge"
  >
    <div
      className="home-page-layout__modals-items"
    />
  </Modal>
</div>
`;
