// Jest Snapshot v1, https://goo.gl/fbAQLP

exports[`ActionsDropdown test should render 1`] = `
<Fragment>
  <DropdownMenu
    message=""
    options={
      Array [
        Object {
          "isDisabled": true,
          "onClick": [Function],
          "text": "Rename",
        },
        Object {
          "isDisabled": true,
          "onClick": [Function],
          "text": "Download",
        },
        Object {
          "hide": true,
          "isDisabled": true,
          "onClick": [Function],
          "text": "Feature",
        },
        Object {
          "isDisabled": true,
          "link": "undefined&scope=public",
          "method": "post",
          "text": "Make public",
        },
        Object {
          "isDisabled": true,
          "onClick": [Function],
          "text": "Attach to...",
        },
        Object {
          "isDisabled": true,
          "onClick": [Function],
          "text": "Delete",
        },
        Object {
          "isDisabled": true,
          "onClick": [Function],
          "text": "Attach License",
        },
        Object {
          "hide": true,
          "isDisabled": true,
          "onClick": [Function],
          "text": "Detach License",
        },
        Object {
          "hide": true,
          "link": undefined,
          "text": "Request license approval",
        },
        Object {
          "hide": true,
          "onClick": [Function],
          "text": "Accept License",
        },
        Object {
          "hide": true,
          "onClick": [Function],
          "text": "Edit tags",
        },
        Object {
          "hide": true,
          "link": undefined,
          "text": "Comments",
        },
      ]
    }
    title="Actions"
  />
  <Connect(HomeAttachToModal)
    attachAction={[Function]}
    hideAction={[Function]}
    ids={Array []}
    itemsType="ASSET"
  />
  <HomeEditTagsModal
    name=""
    updateAction={[Function]}
  />
  <AssetsActionModal
    action="delete"
    assets={Array []}
    hideAction={[Function]}
    modalAction={[Function]}
  />
  <AssetsActionModal
    action="download"
    assets={Array []}
    hideAction={[Function]}
  />
  <Connect(AttachLicenseModal)
    attachAction={[Function]}
    hideAction={[Function]}
    ids={Array []}
  />
  <Connect(HomeLicenseModal)
    hideAction={[Function]}
    modalAction={[Function]}
  />
  <Connect(HomeLicenseModal)
    actionType="accept"
    hideAction={[Function]}
    modalAction={[Function]}
    title="Accept License"
  />
</Fragment>
`;
